TOP.6862b091.0009b296	START
TOP.6862b091.0009b296	folder_config->cwd	/home/kali/Documents/HTB_Labs_Writeups/rustykey/hashcat-6.2.6
TOP.6862b091.0009b296	folder_config->install_dir	/home/kali/Documents/HTB_Labs_Writeups/rustykey/hashcat-6.2.6
TOP.6862b091.0009b296	folder_config->profile_dir	/home/kali/Documents/HTB_Labs_Writeups/rustykey/hashcat-6.2.6
TOP.6862b091.0009b296	folder_config->session_dir	/home/kali/Documents/HTB_Labs_Writeups/rustykey/hashcat-6.2.6
TOP.6862b091.0009b296	folder_config->shared_dir	/home/kali/Documents/HTB_Labs_Writeups/rustykey/hashcat-6.2.6
TOP.6862b091.0009b296	user_options->encoding_from	utf-8
TOP.6862b091.0009b296	user_options->encoding_to	utf-8
TOP.6862b091.0009b296	user_options->rule_buf_l	:
TOP.6862b091.0009b296	user_options->rule_buf_r	:
TOP.6862b091.0009b296	user_options->session	hashcat
TOP.6862b091.0009b296	user_options->separator	:
TOP.6862b091.0009b296	user_options->limit	0
TOP.6862b091.0009b296	user_options->skip	0
TOP.6862b091.0009b296	user_options->attack_mode	0
TOP.6862b091.0009b296	user_options->backend_devices_virtmulti	1
TOP.6862b091.0009b296	user_options->backend_devices_virthost	1
TOP.6862b091.0009b296	user_options->backend_devices_keepfree	0
TOP.6862b091.0009b296	user_options->benchmark	0
TOP.6862b091.0009b296	user_options->benchmark_all	0
TOP.6862b091.0009b296	user_options->benchmark_max	99999
TOP.6862b091.0009b296	user_options->benchmark_min	0
TOP.6862b091.0009b296	user_options->bitmap_max	18
TOP.6862b091.0009b296	user_options->bitmap_min	16
TOP.6862b091.0009b296	user_options->debug_mode	0
TOP.6862b091.0009b296	user_options->dynamic_x	0
TOP.6862b091.0009b296	user_options->hash_info	0
TOP.6862b091.0009b296	user_options->force	0
TOP.6862b091.0009b296	user_options->hwmon	1
TOP.6862b091.0009b296	user_options->hwmon_temp_abort	90
TOP.6862b091.0009b296	user_options->hash_mode	31300
TOP.6862b091.0009b296	user_options->hex_charset	0
TOP.6862b091.0009b296	user_options->hex_salt	0
TOP.6862b091.0009b296	user_options->hex_wordlist	0
TOP.6862b091.0009b296	user_options->hook_threads	4
TOP.6862b091.0009b296	user_options->identify	0
TOP.6862b091.0009b296	user_options->increment	0
TOP.6862b091.0009b296	user_options->increment_max	256
TOP.6862b091.0009b296	user_options->increment_min	1
TOP.6862b091.0009b296	user_options->keep_guessing	0
TOP.6862b091.0009b296	user_options->kernel_accel	0
TOP.6862b091.0009b296	user_options->kernel_loops	0
TOP.6862b091.0009b296	user_options->kernel_threads	0
TOP.6862b091.0009b296	user_options->keyspace	0
TOP.6862b091.0009b296	user_options->left	0
TOP.6862b091.0009b296	user_options->logfile	1
TOP.6862b091.0009b296	user_options->loopback	0
TOP.6862b091.0009b296	user_options->machine_readable	0
TOP.6862b091.0009b296	user_options->markov_classic	0
TOP.6862b091.0009b296	user_options->markov	1
TOP.6862b091.0009b296	user_options->markov_inverse	0
TOP.6862b091.0009b296	user_options->markov_threshold	256
TOP.6862b091.0009b296	user_options->metal_compiler_runtime	120
TOP.6862b091.0009b296	user_options->multiply_accel	1
TOP.6862b091.0009b296	user_options->backend_info	0
TOP.6862b091.0009b296	user_options->backend_vector_width	0
TOP.6862b091.0009b296	user_options->optimized_kernel	0
TOP.6862b091.0009b296	user_options->outfile_autohex	1
TOP.6862b091.0009b296	user_options->outfile_check_timer	5
TOP.6862b091.0009b296	user_options->outfile_format	3
TOP.6862b091.0009b296	user_options->outfile_json	0
TOP.6862b091.0009b296	user_options->wordlist_autohex	1
TOP.6862b091.0009b296	user_options->potfile	1
TOP.6862b091.0009b296	user_options->progress_only	0
TOP.6862b091.0009b296	user_options->quiet	0
TOP.6862b091.0009b296	user_options->remove	0
TOP.6862b091.0009b296	user_options->remove_timer	60
TOP.6862b091.0009b296	user_options->restore	0
TOP.6862b091.0009b296	user_options->restore_enable	1
TOP.6862b091.0009b296	user_options->restore_timer	1
TOP.6862b091.0009b296	user_options->rp_files_cnt	0
TOP.6862b091.0009b296	user_options->rp_gen	0
TOP.6862b091.0009b296	user_options->rp_gen_func_max	4
TOP.6862b091.0009b296	user_options->rp_gen_func_min	1
TOP.6862b091.0009b296	user_options->rp_gen_seed	0
TOP.6862b091.0009b296	user_options->runtime	0
TOP.6862b091.0009b296	user_options->scrypt_tmto	0
TOP.6862b091.0009b296	user_options->segment_size	33554432
TOP.6862b091.0009b296	user_options->self_test	1
TOP.6862b091.0009b296	user_options->slow_candidates	0
TOP.6862b091.0009b296	user_options->show	0
TOP.6862b091.0009b296	user_options->speed_only	0
TOP.6862b091.0009b296	user_options->spin_damp	0
TOP.6862b091.0009b296	user_options->status	0
TOP.6862b091.0009b296	user_options->status_json	0
TOP.6862b091.0009b296	user_options->status_timer	10
TOP.6862b091.0009b296	user_options->stdout_flag	0
TOP.6862b091.0009b296	user_options->usage	0
TOP.6862b091.0009b296	user_options->username	0
TOP.6862b091.0009b296	user_options->veracrypt_pim_start	485
TOP.6862b091.0009b296	user_options->veracrypt_pim_stop	485
TOP.6862b091.0009b296	user_options->version	0
TOP.6862b091.0009b296	user_options->workload_profile	2
TOP.6862b091.0009b296	user_options->brain_client	0
TOP.6862b091.0009b296	user_options->brain_client_features	2
TOP.6862b091.0009b296	user_options->brain_server	0
TOP.6862b091.0009b296	user_options->brain_server_timer	300
TOP.6862b091.0009b296	user_options->brain_port	6863
TOP.6862b091.0009b296	user_options->brain_session	0
TOP.6862b091.0009b296	hashes->hashfile	../hash-it-computer-3
TOP.6862b091.0009b296	hashes->hashlist_mode	5
TOP.6862b091.0009b296	hashes->hashlist_format	0
TOP.6862b091.0009b296	hashes->hashes_cnt	0
TOP.6862b091.0009b296	hashes->digests_cnt	1
TOP.6862b091.0009b296	hashes->digests_done_pot	0
TOP.6862b091.0009b296	hashes->digests_done_zero	0
TOP.6862b091.0009b296	hashes->digests_done	0
TOP.6862b091.0009b296	hashes->salts_cnt	1
TOP.6862b091.0009b296	hashes->salts_done	0
TOP.6862b091.0009b296	proc_start	1751298193
TOP.6862b091.0009b296	proc_stop	1751298209
TOP.6862b091.0009b296	STOP
TOP.6862b0a9.000bf214	START
TOP.6862b0a9.000bf214	folder_config->cwd	/home/kali/Documents/HTB_Labs_Writeups/rustykey/hashcat-6.2.6
TOP.6862b0a9.000bf214	folder_config->install_dir	/home/kali/Documents/HTB_Labs_Writeups/rustykey/hashcat-6.2.6
TOP.6862b0a9.000bf214	folder_config->profile_dir	/home/kali/Documents/HTB_Labs_Writeups/rustykey/hashcat-6.2.6
TOP.6862b0a9.000bf214	folder_config->session_dir	/home/kali/Documents/HTB_Labs_Writeups/rustykey/hashcat-6.2.6
TOP.6862b0a9.000bf214	folder_config->shared_dir	/home/kali/Documents/HTB_Labs_Writeups/rustykey/hashcat-6.2.6
TOP.6862b0a9.000bf214	user_options->encoding_from	utf-8
TOP.6862b0a9.000bf214	user_options->encoding_to	utf-8
TOP.6862b0a9.000bf214	user_options->rule_buf_l	:
TOP.6862b0a9.000bf214	user_options->rule_buf_r	:
TOP.6862b0a9.000bf214	user_options->session	hashcat
TOP.6862b0a9.000bf214	user_options->separator	:
TOP.6862b0a9.000bf214	user_options->limit	0
TOP.6862b0a9.000bf214	user_options->skip	0
TOP.6862b0a9.000bf214	user_options->attack_mode	0
TOP.6862b0a9.000bf214	user_options->backend_devices_virtmulti	1
TOP.6862b0a9.000bf214	user_options->backend_devices_virthost	1
TOP.6862b0a9.000bf214	user_options->backend_devices_keepfree	0
TOP.6862b0a9.000bf214	user_options->benchmark	0
TOP.6862b0a9.000bf214	user_options->benchmark_all	0
TOP.6862b0a9.000bf214	user_options->benchmark_max	99999
TOP.6862b0a9.000bf214	user_options->benchmark_min	0
TOP.6862b0a9.000bf214	user_options->bitmap_max	18
TOP.6862b0a9.000bf214	user_options->bitmap_min	16
TOP.6862b0a9.000bf214	user_options->debug_mode	0
TOP.6862b0a9.000bf214	user_options->dynamic_x	0
TOP.6862b0a9.000bf214	user_options->hash_info	0
TOP.6862b0a9.000bf214	user_options->force	0
TOP.6862b0a9.000bf214	user_options->hwmon	1
TOP.6862b0a9.000bf214	user_options->hwmon_temp_abort	90
TOP.6862b0a9.000bf214	user_options->hash_mode	31300
TOP.6862b0a9.000bf214	user_options->hex_charset	0
TOP.6862b0a9.000bf214	user_options->hex_salt	0
TOP.6862b0a9.000bf214	user_options->hex_wordlist	0
TOP.6862b0a9.000bf214	user_options->hook_threads	4
TOP.6862b0a9.000bf214	user_options->identify	0
TOP.6862b0a9.000bf214	user_options->increment	0
TOP.6862b0a9.000bf214	user_options->increment_max	256
TOP.6862b0a9.000bf214	user_options->increment_min	1
TOP.6862b0a9.000bf214	user_options->keep_guessing	0
TOP.6862b0a9.000bf214	user_options->kernel_accel	0
TOP.6862b0a9.000bf214	user_options->kernel_loops	0
TOP.6862b0a9.000bf214	user_options->kernel_threads	0
TOP.6862b0a9.000bf214	user_options->keyspace	0
TOP.6862b0a9.000bf214	user_options->left	0
TOP.6862b0a9.000bf214	user_options->logfile	1
TOP.6862b0a9.000bf214	user_options->loopback	0
TOP.6862b0a9.000bf214	user_options->machine_readable	0
TOP.6862b0a9.000bf214	user_options->markov_classic	0
TOP.6862b0a9.000bf214	user_options->markov	1
TOP.6862b0a9.000bf214	user_options->markov_inverse	0
TOP.6862b0a9.000bf214	user_options->markov_threshold	256
TOP.6862b0a9.000bf214	user_options->metal_compiler_runtime	120
TOP.6862b0a9.000bf214	user_options->multiply_accel	1
TOP.6862b0a9.000bf214	user_options->backend_info	0
TOP.6862b0a9.000bf214	user_options->backend_vector_width	0
TOP.6862b0a9.000bf214	user_options->optimized_kernel	0
TOP.6862b0a9.000bf214	user_options->outfile_autohex	1
TOP.6862b0a9.000bf214	user_options->outfile_check_timer	5
TOP.6862b0a9.000bf214	user_options->outfile_format	3
TOP.6862b0a9.000bf214	user_options->outfile_json	0
TOP.6862b0a9.000bf214	user_options->wordlist_autohex	1
TOP.6862b0a9.000bf214	user_options->potfile	1
TOP.6862b0a9.000bf214	user_options->progress_only	0
TOP.6862b0a9.000bf214	user_options->quiet	0
TOP.6862b0a9.000bf214	user_options->remove	0
TOP.6862b0a9.000bf214	user_options->remove_timer	60
TOP.6862b0a9.000bf214	user_options->restore	0
TOP.6862b0a9.000bf214	user_options->restore_enable	1
TOP.6862b0a9.000bf214	user_options->restore_timer	1
TOP.6862b0a9.000bf214	user_options->rp_files_cnt	0
TOP.6862b0a9.000bf214	user_options->rp_gen	0
TOP.6862b0a9.000bf214	user_options->rp_gen_func_max	4
TOP.6862b0a9.000bf214	user_options->rp_gen_func_min	1
TOP.6862b0a9.000bf214	user_options->rp_gen_seed	0
TOP.6862b0a9.000bf214	user_options->runtime	0
TOP.6862b0a9.000bf214	user_options->scrypt_tmto	0
TOP.6862b0a9.000bf214	user_options->segment_size	33554432
TOP.6862b0a9.000bf214	user_options->self_test	1
TOP.6862b0a9.000bf214	user_options->slow_candidates	0
TOP.6862b0a9.000bf214	user_options->show	0
TOP.6862b0a9.000bf214	user_options->speed_only	0
TOP.6862b0a9.000bf214	user_options->spin_damp	0
TOP.6862b0a9.000bf214	user_options->status	0
TOP.6862b0a9.000bf214	user_options->status_json	0
TOP.6862b0a9.000bf214	user_options->status_timer	10
TOP.6862b0a9.000bf214	user_options->stdout_flag	0
TOP.6862b0a9.000bf214	user_options->usage	0
TOP.6862b0a9.000bf214	user_options->username	0
TOP.6862b0a9.000bf214	user_options->veracrypt_pim_start	485
TOP.6862b0a9.000bf214	user_options->veracrypt_pim_stop	485
TOP.6862b0a9.000bf214	user_options->version	0
TOP.6862b0a9.000bf214	user_options->workload_profile	2
TOP.6862b0a9.000bf214	user_options->brain_client	0
TOP.6862b0a9.000bf214	user_options->brain_client_features	2
TOP.6862b0a9.000bf214	user_options->brain_server	0
TOP.6862b0a9.000bf214	user_options->brain_server_timer	300
TOP.6862b0a9.000bf214	user_options->brain_port	6863
TOP.6862b0a9.000bf214	user_options->brain_session	0
TOP.6862b0a9.000bf214	hashes->hashfile	../hash-it-computer-3
TOP.6862b0a9.000bf214	hashes->hashlist_mode	5
TOP.6862b0a9.000bf214	hashes->hashlist_format	0
TOP.6862b0a9.000bf214	hashes->hashes_cnt	0
TOP.6862b0a9.000bf214	hashes->digests_cnt	1
TOP.6862b0a9.000bf214	hashes->digests_done_pot	0
TOP.6862b0a9.000bf214	hashes->digests_done_zero	0
TOP.6862b0a9.000bf214	hashes->digests_done	0
TOP.6862b0a9.000bf214	hashes->salts_cnt	1
TOP.6862b0a9.000bf214	hashes->salts_done	0
TOP.6862b0a9.000bf214	proc_start	1751298217
TOP.6862b0a9.000bf214	proc_stop	1751298218
TOP.6862b0a9.000bf214	STOP
TOP.6862b115.000750ff	START
TOP.6862b115.000750ff	folder_config->cwd	/home/kali/Documents/HTB_Labs_Writeups/rustykey/hashcat-6.2.6
TOP.6862b115.000750ff	folder_config->install_dir	/home/kali/Documents/HTB_Labs_Writeups/rustykey/hashcat-6.2.6
TOP.6862b115.000750ff	folder_config->profile_dir	/home/kali/Documents/HTB_Labs_Writeups/rustykey/hashcat-6.2.6
TOP.6862b115.000750ff	folder_config->session_dir	/home/kali/Documents/HTB_Labs_Writeups/rustykey/hashcat-6.2.6
TOP.6862b115.000750ff	folder_config->shared_dir	/home/kali/Documents/HTB_Labs_Writeups/rustykey/hashcat-6.2.6
TOP.6862b115.000750ff	user_options->encoding_from	utf-8
TOP.6862b115.000750ff	user_options->encoding_to	utf-8
TOP.6862b115.000750ff	user_options->rule_buf_l	:
TOP.6862b115.000750ff	user_options->rule_buf_r	:
TOP.6862b115.000750ff	user_options->session	hashcat
TOP.6862b115.000750ff	user_options->separator	:
TOP.6862b115.000750ff	user_options->limit	0
TOP.6862b115.000750ff	user_options->skip	0
TOP.6862b115.000750ff	user_options->attack_mode	0
TOP.6862b115.000750ff	user_options->backend_devices_virtmulti	1
TOP.6862b115.000750ff	user_options->backend_devices_virthost	1
TOP.6862b115.000750ff	user_options->backend_devices_keepfree	0
TOP.6862b115.000750ff	user_options->benchmark	0
TOP.6862b115.000750ff	user_options->benchmark_all	0
TOP.6862b115.000750ff	user_options->benchmark_max	99999
TOP.6862b115.000750ff	user_options->benchmark_min	0
TOP.6862b115.000750ff	user_options->bitmap_max	18
TOP.6862b115.000750ff	user_options->bitmap_min	16
TOP.6862b115.000750ff	user_options->debug_mode	0
TOP.6862b115.000750ff	user_options->dynamic_x	0
TOP.6862b115.000750ff	user_options->hash_info	0
TOP.6862b115.000750ff	user_options->force	0
TOP.6862b115.000750ff	user_options->hwmon	1
TOP.6862b115.000750ff	user_options->hwmon_temp_abort	90
TOP.6862b115.000750ff	user_options->hash_mode	31300
TOP.6862b115.000750ff	user_options->hex_charset	0
TOP.6862b115.000750ff	user_options->hex_salt	0
TOP.6862b115.000750ff	user_options->hex_wordlist	0
TOP.6862b115.000750ff	user_options->hook_threads	4
TOP.6862b115.000750ff	user_options->identify	0
TOP.6862b115.000750ff	user_options->increment	0
TOP.6862b115.000750ff	user_options->increment_max	256
TOP.6862b115.000750ff	user_options->increment_min	1
TOP.6862b115.000750ff	user_options->keep_guessing	0
TOP.6862b115.000750ff	user_options->kernel_accel	0
TOP.6862b115.000750ff	user_options->kernel_loops	0
TOP.6862b115.000750ff	user_options->kernel_threads	0
TOP.6862b115.000750ff	user_options->keyspace	0
TOP.6862b115.000750ff	user_options->left	0
TOP.6862b115.000750ff	user_options->logfile	1
TOP.6862b115.000750ff	user_options->loopback	0
TOP.6862b115.000750ff	user_options->machine_readable	0
TOP.6862b115.000750ff	user_options->markov_classic	0
TOP.6862b115.000750ff	user_options->markov	1
TOP.6862b115.000750ff	user_options->markov_inverse	0
TOP.6862b115.000750ff	user_options->markov_threshold	256
TOP.6862b115.000750ff	user_options->metal_compiler_runtime	120
TOP.6862b115.000750ff	user_options->multiply_accel	1
TOP.6862b115.000750ff	user_options->backend_info	0
TOP.6862b115.000750ff	user_options->backend_vector_width	0
TOP.6862b115.000750ff	user_options->optimized_kernel	1
TOP.6862b115.000750ff	user_options->outfile_autohex	1
TOP.6862b115.000750ff	user_options->outfile_check_timer	5
TOP.6862b115.000750ff	user_options->outfile_format	3
TOP.6862b115.000750ff	user_options->outfile_json	0
TOP.6862b115.000750ff	user_options->wordlist_autohex	1
TOP.6862b115.000750ff	user_options->potfile	1
TOP.6862b115.000750ff	user_options->progress_only	0
TOP.6862b115.000750ff	user_options->quiet	0
TOP.6862b115.000750ff	user_options->remove	0
TOP.6862b115.000750ff	user_options->remove_timer	60
TOP.6862b115.000750ff	user_options->restore	0
TOP.6862b115.000750ff	user_options->restore_enable	1
TOP.6862b115.000750ff	user_options->restore_timer	1
TOP.6862b115.000750ff	user_options->rp_files_cnt	0
TOP.6862b115.000750ff	user_options->rp_gen	0
TOP.6862b115.000750ff	user_options->rp_gen_func_max	4
TOP.6862b115.000750ff	user_options->rp_gen_func_min	1
TOP.6862b115.000750ff	user_options->rp_gen_seed	0
TOP.6862b115.000750ff	user_options->runtime	0
TOP.6862b115.000750ff	user_options->scrypt_tmto	0
TOP.6862b115.000750ff	user_options->segment_size	33554432
TOP.6862b115.000750ff	user_options->self_test	1
TOP.6862b115.000750ff	user_options->slow_candidates	0
TOP.6862b115.000750ff	user_options->show	0
TOP.6862b115.000750ff	user_options->speed_only	0
TOP.6862b115.000750ff	user_options->spin_damp	0
TOP.6862b115.000750ff	user_options->status	0
TOP.6862b115.000750ff	user_options->status_json	0
TOP.6862b115.000750ff	user_options->status_timer	10
TOP.6862b115.000750ff	user_options->stdout_flag	0
TOP.6862b115.000750ff	user_options->usage	0
TOP.6862b115.000750ff	user_options->username	0
TOP.6862b115.000750ff	user_options->veracrypt_pim_start	485
TOP.6862b115.000750ff	user_options->veracrypt_pim_stop	485
TOP.6862b115.000750ff	user_options->version	0
TOP.6862b115.000750ff	user_options->workload_profile	2
TOP.6862b115.000750ff	user_options->brain_client	0
TOP.6862b115.000750ff	user_options->brain_client_features	2
TOP.6862b115.000750ff	user_options->brain_server	0
TOP.6862b115.000750ff	user_options->brain_server_timer	300
TOP.6862b115.000750ff	user_options->brain_port	6863
TOP.6862b115.000750ff	user_options->brain_session	0
TOP.6862b115.000750ff	hashes->hashfile	../hash-it-computer-3
TOP.6862b115.000750ff	hashes->hashlist_mode	5
TOP.6862b115.000750ff	hashes->hashlist_format	0
TOP.6862b115.000750ff	hashes->hashes_cnt	0
TOP.6862b115.000750ff	hashes->digests_cnt	1
TOP.6862b115.000750ff	hashes->digests_done_pot	0
TOP.6862b115.000750ff	hashes->digests_done_zero	0
TOP.6862b115.000750ff	hashes->digests_done	0
TOP.6862b115.000750ff	hashes->salts_cnt	1
TOP.6862b115.000750ff	hashes->salts_done	0
TOP.6862b115.000750ff	proc_start	1751298325
TOP.6862b115.000750ff	proc_stop	1751298334
TOP.6862b115.000750ff	STOP
TOP.6862b12f.000c8116	START
TOP.6862b12f.000c8116	folder_config->cwd	/home/kali/Documents/HTB_Labs_Writeups/rustykey/hashcat-6.2.6
TOP.6862b12f.000c8116	folder_config->install_dir	/home/kali/Documents/HTB_Labs_Writeups/rustykey/hashcat-6.2.6
TOP.6862b12f.000c8116	folder_config->profile_dir	/home/kali/Documents/HTB_Labs_Writeups/rustykey/hashcat-6.2.6
TOP.6862b12f.000c8116	folder_config->session_dir	/home/kali/Documents/HTB_Labs_Writeups/rustykey/hashcat-6.2.6
TOP.6862b12f.000c8116	folder_config->shared_dir	/home/kali/Documents/HTB_Labs_Writeups/rustykey/hashcat-6.2.6
TOP.6862b12f.000c8116	user_options->encoding_from	utf-8
TOP.6862b12f.000c8116	user_options->encoding_to	utf-8
TOP.6862b12f.000c8116	user_options->rule_buf_l	:
TOP.6862b12f.000c8116	user_options->rule_buf_r	:
TOP.6862b12f.000c8116	user_options->session	hashcat
TOP.6862b12f.000c8116	user_options->separator	:
TOP.6862b12f.000c8116	user_options->limit	0
TOP.6862b12f.000c8116	user_options->skip	0
TOP.6862b12f.000c8116	user_options->attack_mode	0
TOP.6862b12f.000c8116	user_options->backend_devices_virtmulti	1
TOP.6862b12f.000c8116	user_options->backend_devices_virthost	1
TOP.6862b12f.000c8116	user_options->backend_devices_keepfree	0
TOP.6862b12f.000c8116	user_options->benchmark	0
TOP.6862b12f.000c8116	user_options->benchmark_all	0
TOP.6862b12f.000c8116	user_options->benchmark_max	99999
TOP.6862b12f.000c8116	user_options->benchmark_min	0
TOP.6862b12f.000c8116	user_options->bitmap_max	18
TOP.6862b12f.000c8116	user_options->bitmap_min	16
TOP.6862b12f.000c8116	user_options->debug_mode	0
TOP.6862b12f.000c8116	user_options->dynamic_x	0
TOP.6862b12f.000c8116	user_options->hash_info	0
TOP.6862b12f.000c8116	user_options->force	0
TOP.6862b12f.000c8116	user_options->hwmon	1
TOP.6862b12f.000c8116	user_options->hwmon_temp_abort	90
TOP.6862b12f.000c8116	user_options->hash_mode	31300
TOP.6862b12f.000c8116	user_options->hex_charset	0
TOP.6862b12f.000c8116	user_options->hex_salt	0
TOP.6862b12f.000c8116	user_options->hex_wordlist	0
TOP.6862b12f.000c8116	user_options->hook_threads	4
TOP.6862b12f.000c8116	user_options->identify	0
TOP.6862b12f.000c8116	user_options->increment	0
TOP.6862b12f.000c8116	user_options->increment_max	256
TOP.6862b12f.000c8116	user_options->increment_min	1
TOP.6862b12f.000c8116	user_options->keep_guessing	0
TOP.6862b12f.000c8116	user_options->kernel_accel	0
TOP.6862b12f.000c8116	user_options->kernel_loops	0
TOP.6862b12f.000c8116	user_options->kernel_threads	0
TOP.6862b12f.000c8116	user_options->keyspace	0
TOP.6862b12f.000c8116	user_options->left	0
TOP.6862b12f.000c8116	user_options->logfile	1
TOP.6862b12f.000c8116	user_options->loopback	0
TOP.6862b12f.000c8116	user_options->machine_readable	0
TOP.6862b12f.000c8116	user_options->markov_classic	0
TOP.6862b12f.000c8116	user_options->markov	1
TOP.6862b12f.000c8116	user_options->markov_inverse	0
TOP.6862b12f.000c8116	user_options->markov_threshold	256
TOP.6862b12f.000c8116	user_options->metal_compiler_runtime	120
TOP.6862b12f.000c8116	user_options->multiply_accel	1
TOP.6862b12f.000c8116	user_options->backend_info	0
TOP.6862b12f.000c8116	user_options->backend_vector_width	0
TOP.6862b12f.000c8116	user_options->optimized_kernel	1
TOP.6862b12f.000c8116	user_options->outfile_autohex	1
TOP.6862b12f.000c8116	user_options->outfile_check_timer	5
TOP.6862b12f.000c8116	user_options->outfile_format	3
TOP.6862b12f.000c8116	user_options->outfile_json	0
TOP.6862b12f.000c8116	user_options->wordlist_autohex	1
TOP.6862b12f.000c8116	user_options->potfile	1
TOP.6862b12f.000c8116	user_options->progress_only	0
TOP.6862b12f.000c8116	user_options->quiet	0
TOP.6862b12f.000c8116	user_options->remove	0
TOP.6862b12f.000c8116	user_options->remove_timer	60
TOP.6862b12f.000c8116	user_options->restore	0
TOP.6862b12f.000c8116	user_options->restore_enable	1
TOP.6862b12f.000c8116	user_options->restore_timer	1
TOP.6862b12f.000c8116	user_options->rp_files_cnt	0
TOP.6862b12f.000c8116	user_options->rp_gen	0
TOP.6862b12f.000c8116	user_options->rp_gen_func_max	4
TOP.6862b12f.000c8116	user_options->rp_gen_func_min	1
TOP.6862b12f.000c8116	user_options->rp_gen_seed	0
TOP.6862b12f.000c8116	user_options->runtime	0
TOP.6862b12f.000c8116	user_options->scrypt_tmto	0
TOP.6862b12f.000c8116	user_options->segment_size	33554432
TOP.6862b12f.000c8116	user_options->self_test	1
TOP.6862b12f.000c8116	user_options->slow_candidates	0
TOP.6862b12f.000c8116	user_options->show	0
TOP.6862b12f.000c8116	user_options->speed_only	0
TOP.6862b12f.000c8116	user_options->spin_damp	0
TOP.6862b12f.000c8116	user_options->status	0
TOP.6862b12f.000c8116	user_options->status_json	0
TOP.6862b12f.000c8116	user_options->status_timer	10
TOP.6862b12f.000c8116	user_options->stdout_flag	0
TOP.6862b12f.000c8116	user_options->usage	0
TOP.6862b12f.000c8116	user_options->username	0
TOP.6862b12f.000c8116	user_options->veracrypt_pim_start	485
TOP.6862b12f.000c8116	user_options->veracrypt_pim_stop	485
TOP.6862b12f.000c8116	user_options->version	0
TOP.6862b12f.000c8116	user_options->workload_profile	1
TOP.6862b12f.000c8116	user_options->brain_client	0
TOP.6862b12f.000c8116	user_options->brain_client_features	2
TOP.6862b12f.000c8116	user_options->brain_server	0
TOP.6862b12f.000c8116	user_options->brain_server_timer	300
TOP.6862b12f.000c8116	user_options->brain_port	6863
TOP.6862b12f.000c8116	user_options->brain_session	0
TOP.6862b12f.000c8116	hashes->hashfile	../hash-it-computer-3
TOP.6862b12f.000c8116	hashes->hashlist_mode	5
TOP.6862b12f.000c8116	hashes->hashlist_format	0
TOP.6862b12f.000c8116	hashes->hashes_cnt	0
TOP.6862b12f.000c8116	hashes->digests_cnt	1
TOP.6862b12f.000c8116	hashes->digests_done_pot	0
TOP.6862b12f.000c8116	hashes->digests_done_zero	0
TOP.6862b12f.000c8116	hashes->digests_done	0
TOP.6862b12f.000c8116	hashes->salts_cnt	1
TOP.6862b12f.000c8116	hashes->salts_done	0
TOP.6862b12f.000c8116	proc_start	1751298351
TOP.6862b12f.000c8116	proc_stop	1751298352
TOP.6862b12f.000c8116	STOP
TOP.6862b137.000250c4	START
TOP.6862b137.000250c4	folder_config->cwd	/home/kali/Documents/HTB_Labs_Writeups/rustykey/hashcat-6.2.6
TOP.6862b137.000250c4	folder_config->install_dir	/home/kali/Documents/HTB_Labs_Writeups/rustykey/hashcat-6.2.6
TOP.6862b137.000250c4	folder_config->profile_dir	/home/kali/Documents/HTB_Labs_Writeups/rustykey/hashcat-6.2.6
TOP.6862b137.000250c4	folder_config->session_dir	/home/kali/Documents/HTB_Labs_Writeups/rustykey/hashcat-6.2.6
TOP.6862b137.000250c4	folder_config->shared_dir	/home/kali/Documents/HTB_Labs_Writeups/rustykey/hashcat-6.2.6
TOP.6862b137.000250c4	user_options->encoding_from	utf-8
TOP.6862b137.000250c4	user_options->encoding_to	utf-8
TOP.6862b137.000250c4	user_options->rule_buf_l	:
TOP.6862b137.000250c4	user_options->rule_buf_r	:
TOP.6862b137.000250c4	user_options->session	hashcat
TOP.6862b137.000250c4	user_options->separator	:
TOP.6862b137.000250c4	user_options->limit	0
TOP.6862b137.000250c4	user_options->skip	0
TOP.6862b137.000250c4	user_options->attack_mode	0
TOP.6862b137.000250c4	user_options->backend_devices_virtmulti	1
TOP.6862b137.000250c4	user_options->backend_devices_virthost	1
TOP.6862b137.000250c4	user_options->backend_devices_keepfree	0
TOP.6862b137.000250c4	user_options->benchmark	0
TOP.6862b137.000250c4	user_options->benchmark_all	0
TOP.6862b137.000250c4	user_options->benchmark_max	99999
TOP.6862b137.000250c4	user_options->benchmark_min	0
TOP.6862b137.000250c4	user_options->bitmap_max	18
TOP.6862b137.000250c4	user_options->bitmap_min	16
TOP.6862b137.000250c4	user_options->debug_mode	0
TOP.6862b137.000250c4	user_options->dynamic_x	0
TOP.6862b137.000250c4	user_options->hash_info	0
TOP.6862b137.000250c4	user_options->force	0
TOP.6862b137.000250c4	user_options->hwmon	1
TOP.6862b137.000250c4	user_options->hwmon_temp_abort	90
TOP.6862b137.000250c4	user_options->hash_mode	31300
TOP.6862b137.000250c4	user_options->hex_charset	0
TOP.6862b137.000250c4	user_options->hex_salt	0
TOP.6862b137.000250c4	user_options->hex_wordlist	0
TOP.6862b137.000250c4	user_options->hook_threads	4
TOP.6862b137.000250c4	user_options->identify	0
TOP.6862b137.000250c4	user_options->increment	0
TOP.6862b137.000250c4	user_options->increment_max	256
TOP.6862b137.000250c4	user_options->increment_min	1
TOP.6862b137.000250c4	user_options->keep_guessing	0
TOP.6862b137.000250c4	user_options->kernel_accel	0
TOP.6862b137.000250c4	user_options->kernel_loops	0
TOP.6862b137.000250c4	user_options->kernel_threads	0
TOP.6862b137.000250c4	user_options->keyspace	0
TOP.6862b137.000250c4	user_options->left	0
TOP.6862b137.000250c4	user_options->logfile	1
TOP.6862b137.000250c4	user_options->loopback	0
TOP.6862b137.000250c4	user_options->machine_readable	0
TOP.6862b137.000250c4	user_options->markov_classic	0
TOP.6862b137.000250c4	user_options->markov	1
TOP.6862b137.000250c4	user_options->markov_inverse	0
TOP.6862b137.000250c4	user_options->markov_threshold	256
TOP.6862b137.000250c4	user_options->metal_compiler_runtime	120
TOP.6862b137.000250c4	user_options->multiply_accel	1
TOP.6862b137.000250c4	user_options->backend_info	0
TOP.6862b137.000250c4	user_options->backend_vector_width	0
TOP.6862b137.000250c4	user_options->optimized_kernel	0
TOP.6862b137.000250c4	user_options->outfile_autohex	1
TOP.6862b137.000250c4	user_options->outfile_check_timer	5
TOP.6862b137.000250c4	user_options->outfile_format	3
TOP.6862b137.000250c4	user_options->outfile_json	0
TOP.6862b137.000250c4	user_options->wordlist_autohex	1
TOP.6862b137.000250c4	user_options->potfile	1
TOP.6862b137.000250c4	user_options->progress_only	0
TOP.6862b137.000250c4	user_options->quiet	0
TOP.6862b137.000250c4	user_options->remove	0
TOP.6862b137.000250c4	user_options->remove_timer	60
TOP.6862b137.000250c4	user_options->restore	0
TOP.6862b137.000250c4	user_options->restore_enable	1
TOP.6862b137.000250c4	user_options->restore_timer	1
TOP.6862b137.000250c4	user_options->rp_files_cnt	0
TOP.6862b137.000250c4	user_options->rp_gen	0
TOP.6862b137.000250c4	user_options->rp_gen_func_max	4
TOP.6862b137.000250c4	user_options->rp_gen_func_min	1
TOP.6862b137.000250c4	user_options->rp_gen_seed	0
TOP.6862b137.000250c4	user_options->runtime	0
TOP.6862b137.000250c4	user_options->scrypt_tmto	0
TOP.6862b137.000250c4	user_options->segment_size	33554432
TOP.6862b137.000250c4	user_options->self_test	1
TOP.6862b137.000250c4	user_options->slow_candidates	0
TOP.6862b137.000250c4	user_options->show	0
TOP.6862b137.000250c4	user_options->speed_only	0
TOP.6862b137.000250c4	user_options->spin_damp	0
TOP.6862b137.000250c4	user_options->status	0
TOP.6862b137.000250c4	user_options->status_json	0
TOP.6862b137.000250c4	user_options->status_timer	10
TOP.6862b137.000250c4	user_options->stdout_flag	0
TOP.6862b137.000250c4	user_options->usage	0
TOP.6862b137.000250c4	user_options->username	0
TOP.6862b137.000250c4	user_options->veracrypt_pim_start	485
TOP.6862b137.000250c4	user_options->veracrypt_pim_stop	485
TOP.6862b137.000250c4	user_options->version	0
TOP.6862b137.000250c4	user_options->workload_profile	1
TOP.6862b137.000250c4	user_options->brain_client	0
TOP.6862b137.000250c4	user_options->brain_client_features	2
TOP.6862b137.000250c4	user_options->brain_server	0
TOP.6862b137.000250c4	user_options->brain_server_timer	300
TOP.6862b137.000250c4	user_options->brain_port	6863
TOP.6862b137.000250c4	user_options->brain_session	0
TOP.6862b137.000250c4	hashes->hashfile	../hash-it-computer-3
TOP.6862b137.000250c4	hashes->hashlist_mode	5
TOP.6862b137.000250c4	hashes->hashlist_format	0
TOP.6862b137.000250c4	hashes->hashes_cnt	0
TOP.6862b137.000250c4	hashes->digests_cnt	1
TOP.6862b137.000250c4	hashes->digests_done_pot	0
TOP.6862b137.000250c4	hashes->digests_done_zero	0
TOP.6862b137.000250c4	hashes->digests_done	0
TOP.6862b137.000250c4	hashes->salts_cnt	1
TOP.6862b137.000250c4	hashes->salts_done	0
TOP.6862b137.000250c4	proc_start	1751298359
TOP.6862b137.000250c4	proc_stop	1751298359
TOP.6862b137.000250c4	STOP
TOP.6862b149.000de8b9	START
TOP.6862b149.000de8b9	folder_config->cwd	/home/kali/Documents/HTB_Labs_Writeups/rustykey/hashcat-6.2.6
TOP.6862b149.000de8b9	folder_config->install_dir	/home/kali/Documents/HTB_Labs_Writeups/rustykey/hashcat-6.2.6
TOP.6862b149.000de8b9	folder_config->profile_dir	/home/kali/Documents/HTB_Labs_Writeups/rustykey/hashcat-6.2.6
TOP.6862b149.000de8b9	folder_config->session_dir	/home/kali/Documents/HTB_Labs_Writeups/rustykey/hashcat-6.2.6
TOP.6862b149.000de8b9	folder_config->shared_dir	/home/kali/Documents/HTB_Labs_Writeups/rustykey/hashcat-6.2.6
TOP.6862b149.000de8b9	user_options->encoding_from	utf-8
TOP.6862b149.000de8b9	user_options->encoding_to	utf-8
TOP.6862b149.000de8b9	user_options->rule_buf_l	:
TOP.6862b149.000de8b9	user_options->rule_buf_r	:
TOP.6862b149.000de8b9	user_options->session	hashcat
TOP.6862b149.000de8b9	user_options->separator	:
TOP.6862b149.000de8b9	user_options->limit	0
TOP.6862b149.000de8b9	user_options->skip	0
TOP.6862b149.000de8b9	user_options->attack_mode	0
TOP.6862b149.000de8b9	user_options->backend_devices_virtmulti	1
TOP.6862b149.000de8b9	user_options->backend_devices_virthost	1
TOP.6862b149.000de8b9	user_options->backend_devices_keepfree	0
TOP.6862b149.000de8b9	user_options->benchmark	0
TOP.6862b149.000de8b9	user_options->benchmark_all	0
TOP.6862b149.000de8b9	user_options->benchmark_max	99999
TOP.6862b149.000de8b9	user_options->benchmark_min	0
TOP.6862b149.000de8b9	user_options->bitmap_max	18
TOP.6862b149.000de8b9	user_options->bitmap_min	16
TOP.6862b149.000de8b9	user_options->debug_mode	0
TOP.6862b149.000de8b9	user_options->dynamic_x	0
TOP.6862b149.000de8b9	user_options->hash_info	0
TOP.6862b149.000de8b9	user_options->force	0
TOP.6862b149.000de8b9	user_options->hwmon	1
TOP.6862b149.000de8b9	user_options->hwmon_temp_abort	90
TOP.6862b149.000de8b9	user_options->hash_mode	31300
TOP.6862b149.000de8b9	user_options->hex_charset	0
TOP.6862b149.000de8b9	user_options->hex_salt	0
TOP.6862b149.000de8b9	user_options->hex_wordlist	0
TOP.6862b149.000de8b9	user_options->hook_threads	4
TOP.6862b149.000de8b9	user_options->identify	0
TOP.6862b149.000de8b9	user_options->increment	0
TOP.6862b149.000de8b9	user_options->increment_max	256
TOP.6862b149.000de8b9	user_options->increment_min	1
TOP.6862b149.000de8b9	user_options->keep_guessing	0
TOP.6862b149.000de8b9	user_options->kernel_accel	0
TOP.6862b149.000de8b9	user_options->kernel_loops	0
TOP.6862b149.000de8b9	user_options->kernel_threads	0
TOP.6862b149.000de8b9	user_options->keyspace	0
TOP.6862b149.000de8b9	user_options->left	0
TOP.6862b149.000de8b9	user_options->logfile	1
TOP.6862b149.000de8b9	user_options->loopback	0
TOP.6862b149.000de8b9	user_options->machine_readable	0
TOP.6862b149.000de8b9	user_options->markov_classic	0
TOP.6862b149.000de8b9	user_options->markov	1
TOP.6862b149.000de8b9	user_options->markov_inverse	0
TOP.6862b149.000de8b9	user_options->markov_threshold	256
TOP.6862b149.000de8b9	user_options->metal_compiler_runtime	120
TOP.6862b149.000de8b9	user_options->multiply_accel	1
TOP.6862b149.000de8b9	user_options->backend_info	0
TOP.6862b149.000de8b9	user_options->backend_vector_width	0
TOP.6862b149.000de8b9	user_options->optimized_kernel	0
TOP.6862b149.000de8b9	user_options->outfile_autohex	1
TOP.6862b149.000de8b9	user_options->outfile_check_timer	5
TOP.6862b149.000de8b9	user_options->outfile_format	3
TOP.6862b149.000de8b9	user_options->outfile_json	0
TOP.6862b149.000de8b9	user_options->wordlist_autohex	1
TOP.6862b149.000de8b9	user_options->potfile	1
TOP.6862b149.000de8b9	user_options->progress_only	0
TOP.6862b149.000de8b9	user_options->quiet	0
TOP.6862b149.000de8b9	user_options->remove	0
TOP.6862b149.000de8b9	user_options->remove_timer	60
TOP.6862b149.000de8b9	user_options->restore	0
TOP.6862b149.000de8b9	user_options->restore_enable	1
TOP.6862b149.000de8b9	user_options->restore_timer	1
TOP.6862b149.000de8b9	user_options->rp_files_cnt	0
TOP.6862b149.000de8b9	user_options->rp_gen	0
TOP.6862b149.000de8b9	user_options->rp_gen_func_max	4
TOP.6862b149.000de8b9	user_options->rp_gen_func_min	1
TOP.6862b149.000de8b9	user_options->rp_gen_seed	0
TOP.6862b149.000de8b9	user_options->runtime	0
TOP.6862b149.000de8b9	user_options->scrypt_tmto	0
TOP.6862b149.000de8b9	user_options->segment_size	33554432
TOP.6862b149.000de8b9	user_options->self_test	1
TOP.6862b149.000de8b9	user_options->slow_candidates	0
TOP.6862b149.000de8b9	user_options->show	0
TOP.6862b149.000de8b9	user_options->speed_only	0
TOP.6862b149.000de8b9	user_options->spin_damp	0
TOP.6862b149.000de8b9	user_options->status	0
TOP.6862b149.000de8b9	user_options->status_json	0
TOP.6862b149.000de8b9	user_options->status_timer	10
TOP.6862b149.000de8b9	user_options->stdout_flag	0
TOP.6862b149.000de8b9	user_options->usage	0
TOP.6862b149.000de8b9	user_options->username	0
TOP.6862b149.000de8b9	user_options->veracrypt_pim_start	485
TOP.6862b149.000de8b9	user_options->veracrypt_pim_stop	485
TOP.6862b149.000de8b9	user_options->version	0
TOP.6862b149.000de8b9	user_options->workload_profile	1
TOP.6862b149.000de8b9	user_options->brain_client	0
TOP.6862b149.000de8b9	user_options->brain_client_features	2
TOP.6862b149.000de8b9	user_options->brain_server	0
TOP.6862b149.000de8b9	user_options->brain_server_timer	300
TOP.6862b149.000de8b9	user_options->brain_port	6863
TOP.6862b149.000de8b9	user_options->brain_session	0
TOP.6862b149.000de8b9	hashes->hashfile	../hash-it-computer-3
TOP.6862b149.000de8b9	hashes->hashlist_mode	5
TOP.6862b149.000de8b9	hashes->hashlist_format	0
TOP.6862b149.000de8b9	hashes->hashes_cnt	0
TOP.6862b149.000de8b9	hashes->digests_cnt	1
TOP.6862b149.000de8b9	hashes->digests_done_pot	0
TOP.6862b149.000de8b9	hashes->digests_done_zero	0
TOP.6862b149.000de8b9	hashes->digests_done	0
TOP.6862b149.000de8b9	hashes->salts_cnt	1
TOP.6862b149.000de8b9	hashes->salts_done	0
TOP.6862b149.000de8b9	proc_start	1751298377
TOP.6862b149.000de8b9	proc_stop	1751298378
TOP.6862b149.000de8b9	STOP
TOP.6862b14e.000df318	START
TOP.6862b14e.000df318	folder_config->cwd	/home/kali/Documents/HTB_Labs_Writeups/rustykey/hashcat-6.2.6
TOP.6862b14e.000df318	folder_config->install_dir	/home/kali/Documents/HTB_Labs_Writeups/rustykey/hashcat-6.2.6
TOP.6862b14e.000df318	folder_config->profile_dir	/home/kali/Documents/HTB_Labs_Writeups/rustykey/hashcat-6.2.6
TOP.6862b14e.000df318	folder_config->session_dir	/home/kali/Documents/HTB_Labs_Writeups/rustykey/hashcat-6.2.6
TOP.6862b14e.000df318	folder_config->shared_dir	/home/kali/Documents/HTB_Labs_Writeups/rustykey/hashcat-6.2.6
TOP.6862b14e.000df318	user_options->encoding_from	utf-8
TOP.6862b14e.000df318	user_options->encoding_to	utf-8
TOP.6862b14e.000df318	user_options->rule_buf_l	:
TOP.6862b14e.000df318	user_options->rule_buf_r	:
TOP.6862b14e.000df318	user_options->session	hashcat
TOP.6862b14e.000df318	user_options->separator	:
TOP.6862b14e.000df318	user_options->limit	0
TOP.6862b14e.000df318	user_options->skip	0
TOP.6862b14e.000df318	user_options->attack_mode	0
TOP.6862b14e.000df318	user_options->backend_devices_virtmulti	1
TOP.6862b14e.000df318	user_options->backend_devices_virthost	1
TOP.6862b14e.000df318	user_options->backend_devices_keepfree	0
TOP.6862b14e.000df318	user_options->benchmark	0
TOP.6862b14e.000df318	user_options->benchmark_all	0
TOP.6862b14e.000df318	user_options->benchmark_max	99999
TOP.6862b14e.000df318	user_options->benchmark_min	0
TOP.6862b14e.000df318	user_options->bitmap_max	18
TOP.6862b14e.000df318	user_options->bitmap_min	16
TOP.6862b14e.000df318	user_options->debug_mode	0
TOP.6862b14e.000df318	user_options->dynamic_x	0
TOP.6862b14e.000df318	user_options->hash_info	0
TOP.6862b14e.000df318	user_options->force	0
TOP.6862b14e.000df318	user_options->hwmon	1
TOP.6862b14e.000df318	user_options->hwmon_temp_abort	90
TOP.6862b14e.000df318	user_options->hash_mode	31300
TOP.6862b14e.000df318	user_options->hex_charset	0
TOP.6862b14e.000df318	user_options->hex_salt	0
TOP.6862b14e.000df318	user_options->hex_wordlist	0
TOP.6862b14e.000df318	user_options->hook_threads	4
TOP.6862b14e.000df318	user_options->identify	0
TOP.6862b14e.000df318	user_options->increment	0
TOP.6862b14e.000df318	user_options->increment_max	256
TOP.6862b14e.000df318	user_options->increment_min	1
TOP.6862b14e.000df318	user_options->keep_guessing	0
TOP.6862b14e.000df318	user_options->kernel_accel	0
TOP.6862b14e.000df318	user_options->kernel_loops	0
TOP.6862b14e.000df318	user_options->kernel_threads	0
TOP.6862b14e.000df318	user_options->keyspace	0
TOP.6862b14e.000df318	user_options->left	0
TOP.6862b14e.000df318	user_options->logfile	1
TOP.6862b14e.000df318	user_options->loopback	0
TOP.6862b14e.000df318	user_options->machine_readable	0
TOP.6862b14e.000df318	user_options->markov_classic	0
TOP.6862b14e.000df318	user_options->markov	1
TOP.6862b14e.000df318	user_options->markov_inverse	0
TOP.6862b14e.000df318	user_options->markov_threshold	256
TOP.6862b14e.000df318	user_options->metal_compiler_runtime	120
TOP.6862b14e.000df318	user_options->multiply_accel	1
TOP.6862b14e.000df318	user_options->backend_info	0
TOP.6862b14e.000df318	user_options->backend_vector_width	0
TOP.6862b14e.000df318	user_options->optimized_kernel	0
TOP.6862b14e.000df318	user_options->outfile_autohex	1
TOP.6862b14e.000df318	user_options->outfile_check_timer	5
TOP.6862b14e.000df318	user_options->outfile_format	3
TOP.6862b14e.000df318	user_options->outfile_json	0
TOP.6862b14e.000df318	user_options->wordlist_autohex	1
TOP.6862b14e.000df318	user_options->potfile	1
TOP.6862b14e.000df318	user_options->progress_only	0
TOP.6862b14e.000df318	user_options->quiet	0
TOP.6862b14e.000df318	user_options->remove	0
TOP.6862b14e.000df318	user_options->remove_timer	60
TOP.6862b14e.000df318	user_options->restore	0
TOP.6862b14e.000df318	user_options->restore_enable	1
TOP.6862b14e.000df318	user_options->restore_timer	1
TOP.6862b14e.000df318	user_options->rp_files_cnt	0
TOP.6862b14e.000df318	user_options->rp_gen	0
TOP.6862b14e.000df318	user_options->rp_gen_func_max	4
TOP.6862b14e.000df318	user_options->rp_gen_func_min	1
TOP.6862b14e.000df318	user_options->rp_gen_seed	0
TOP.6862b14e.000df318	user_options->runtime	0
TOP.6862b14e.000df318	user_options->scrypt_tmto	0
TOP.6862b14e.000df318	user_options->segment_size	33554432
TOP.6862b14e.000df318	user_options->self_test	1
TOP.6862b14e.000df318	user_options->slow_candidates	0
TOP.6862b14e.000df318	user_options->show	0
TOP.6862b14e.000df318	user_options->speed_only	0
TOP.6862b14e.000df318	user_options->spin_damp	0
TOP.6862b14e.000df318	user_options->status	0
TOP.6862b14e.000df318	user_options->status_json	0
TOP.6862b14e.000df318	user_options->status_timer	10
TOP.6862b14e.000df318	user_options->stdout_flag	0
TOP.6862b14e.000df318	user_options->usage	0
TOP.6862b14e.000df318	user_options->username	0
TOP.6862b14e.000df318	user_options->veracrypt_pim_start	485
TOP.6862b14e.000df318	user_options->veracrypt_pim_stop	485
TOP.6862b14e.000df318	user_options->version	0
TOP.6862b14e.000df318	user_options->workload_profile	2
TOP.6862b14e.000df318	user_options->brain_client	0
TOP.6862b14e.000df318	user_options->brain_client_features	2
TOP.6862b14e.000df318	user_options->brain_server	0
TOP.6862b14e.000df318	user_options->brain_server_timer	300
TOP.6862b14e.000df318	user_options->brain_port	6863
TOP.6862b14e.000df318	user_options->brain_session	0
TOP.6862b14e.000df318	hashes->hashfile	../hash-it-computer-3
TOP.6862b14e.000df318	hashes->hashlist_mode	5
TOP.6862b14e.000df318	hashes->hashlist_format	0
TOP.6862b14e.000df318	hashes->hashes_cnt	0
TOP.6862b14e.000df318	hashes->digests_cnt	1
TOP.6862b14e.000df318	hashes->digests_done_pot	0
TOP.6862b14e.000df318	hashes->digests_done_zero	0
TOP.6862b14e.000df318	hashes->digests_done	0
TOP.6862b14e.000df318	hashes->salts_cnt	1
TOP.6862b14e.000df318	hashes->salts_done	0
TOP.6862b14e.000df318	proc_start	1751298382
TOP.6862b14e.000df318	proc_stop	1751298383
TOP.6862b14e.000df318	STOP
TOP.6862b153.000ab9d2	START
TOP.6862b153.000ab9d2	folder_config->cwd	/home/kali/Documents/HTB_Labs_Writeups/rustykey/hashcat-6.2.6
TOP.6862b153.000ab9d2	folder_config->install_dir	/home/kali/Documents/HTB_Labs_Writeups/rustykey/hashcat-6.2.6
TOP.6862b153.000ab9d2	folder_config->profile_dir	/home/kali/Documents/HTB_Labs_Writeups/rustykey/hashcat-6.2.6
TOP.6862b153.000ab9d2	folder_config->session_dir	/home/kali/Documents/HTB_Labs_Writeups/rustykey/hashcat-6.2.6
TOP.6862b153.000ab9d2	folder_config->shared_dir	/home/kali/Documents/HTB_Labs_Writeups/rustykey/hashcat-6.2.6
TOP.6862b153.000ab9d2	user_options->encoding_from	utf-8
TOP.6862b153.000ab9d2	user_options->encoding_to	utf-8
TOP.6862b153.000ab9d2	user_options->rule_buf_l	:
TOP.6862b153.000ab9d2	user_options->rule_buf_r	:
TOP.6862b153.000ab9d2	user_options->session	hashcat
TOP.6862b153.000ab9d2	user_options->separator	:
TOP.6862b153.000ab9d2	user_options->limit	0
TOP.6862b153.000ab9d2	user_options->skip	0
TOP.6862b153.000ab9d2	user_options->attack_mode	0
TOP.6862b153.000ab9d2	user_options->backend_devices_virtmulti	1
TOP.6862b153.000ab9d2	user_options->backend_devices_virthost	1
TOP.6862b153.000ab9d2	user_options->backend_devices_keepfree	0
TOP.6862b153.000ab9d2	user_options->benchmark	0
TOP.6862b153.000ab9d2	user_options->benchmark_all	0
TOP.6862b153.000ab9d2	user_options->benchmark_max	99999
TOP.6862b153.000ab9d2	user_options->benchmark_min	0
TOP.6862b153.000ab9d2	user_options->bitmap_max	18
TOP.6862b153.000ab9d2	user_options->bitmap_min	16
TOP.6862b153.000ab9d2	user_options->debug_mode	0
TOP.6862b153.000ab9d2	user_options->dynamic_x	0
TOP.6862b153.000ab9d2	user_options->hash_info	0
TOP.6862b153.000ab9d2	user_options->force	0
TOP.6862b153.000ab9d2	user_options->hwmon	1
TOP.6862b153.000ab9d2	user_options->hwmon_temp_abort	90
TOP.6862b153.000ab9d2	user_options->hash_mode	31300
TOP.6862b153.000ab9d2	user_options->hex_charset	0
TOP.6862b153.000ab9d2	user_options->hex_salt	0
TOP.6862b153.000ab9d2	user_options->hex_wordlist	0
TOP.6862b153.000ab9d2	user_options->hook_threads	4
TOP.6862b153.000ab9d2	user_options->identify	0
TOP.6862b153.000ab9d2	user_options->increment	0
TOP.6862b153.000ab9d2	user_options->increment_max	256
TOP.6862b153.000ab9d2	user_options->increment_min	1
TOP.6862b153.000ab9d2	user_options->keep_guessing	0
TOP.6862b153.000ab9d2	user_options->kernel_accel	0
TOP.6862b153.000ab9d2	user_options->kernel_loops	0
TOP.6862b153.000ab9d2	user_options->kernel_threads	0
TOP.6862b153.000ab9d2	user_options->keyspace	0
TOP.6862b153.000ab9d2	user_options->left	0
TOP.6862b153.000ab9d2	user_options->logfile	1
TOP.6862b153.000ab9d2	user_options->loopback	0
TOP.6862b153.000ab9d2	user_options->machine_readable	0
TOP.6862b153.000ab9d2	user_options->markov_classic	0
TOP.6862b153.000ab9d2	user_options->markov	1
TOP.6862b153.000ab9d2	user_options->markov_inverse	0
TOP.6862b153.000ab9d2	user_options->markov_threshold	256
TOP.6862b153.000ab9d2	user_options->metal_compiler_runtime	120
TOP.6862b153.000ab9d2	user_options->multiply_accel	1
TOP.6862b153.000ab9d2	user_options->backend_info	0
TOP.6862b153.000ab9d2	user_options->backend_vector_width	0
TOP.6862b153.000ab9d2	user_options->optimized_kernel	1
TOP.6862b153.000ab9d2	user_options->outfile_autohex	1
TOP.6862b153.000ab9d2	user_options->outfile_check_timer	5
TOP.6862b153.000ab9d2	user_options->outfile_format	3
TOP.6862b153.000ab9d2	user_options->outfile_json	0
TOP.6862b153.000ab9d2	user_options->wordlist_autohex	1
TOP.6862b153.000ab9d2	user_options->potfile	1
TOP.6862b153.000ab9d2	user_options->progress_only	0
TOP.6862b153.000ab9d2	user_options->quiet	0
TOP.6862b153.000ab9d2	user_options->remove	0
TOP.6862b153.000ab9d2	user_options->remove_timer	60
TOP.6862b153.000ab9d2	user_options->restore	0
TOP.6862b153.000ab9d2	user_options->restore_enable	1
TOP.6862b153.000ab9d2	user_options->restore_timer	1
TOP.6862b153.000ab9d2	user_options->rp_files_cnt	0
TOP.6862b153.000ab9d2	user_options->rp_gen	0
TOP.6862b153.000ab9d2	user_options->rp_gen_func_max	4
TOP.6862b153.000ab9d2	user_options->rp_gen_func_min	1
TOP.6862b153.000ab9d2	user_options->rp_gen_seed	0
TOP.6862b153.000ab9d2	user_options->runtime	0
TOP.6862b153.000ab9d2	user_options->scrypt_tmto	0
TOP.6862b153.000ab9d2	user_options->segment_size	33554432
TOP.6862b153.000ab9d2	user_options->self_test	1
TOP.6862b153.000ab9d2	user_options->slow_candidates	0
TOP.6862b153.000ab9d2	user_options->show	0
TOP.6862b153.000ab9d2	user_options->speed_only	0
TOP.6862b153.000ab9d2	user_options->spin_damp	0
TOP.6862b153.000ab9d2	user_options->status	0
TOP.6862b153.000ab9d2	user_options->status_json	0
TOP.6862b153.000ab9d2	user_options->status_timer	10
TOP.6862b153.000ab9d2	user_options->stdout_flag	0
TOP.6862b153.000ab9d2	user_options->usage	0
TOP.6862b153.000ab9d2	user_options->username	0
TOP.6862b153.000ab9d2	user_options->veracrypt_pim_start	485
TOP.6862b153.000ab9d2	user_options->veracrypt_pim_stop	485
TOP.6862b153.000ab9d2	user_options->version	0
TOP.6862b153.000ab9d2	user_options->workload_profile	2
TOP.6862b153.000ab9d2	user_options->brain_client	0
TOP.6862b153.000ab9d2	user_options->brain_client_features	2
TOP.6862b153.000ab9d2	user_options->brain_server	0
TOP.6862b153.000ab9d2	user_options->brain_server_timer	300
TOP.6862b153.000ab9d2	user_options->brain_port	6863
TOP.6862b153.000ab9d2	user_options->brain_session	0
TOP.6862b153.000ab9d2	hashes->hashfile	../hash-it-computer-3
TOP.6862b153.000ab9d2	hashes->hashlist_mode	5
TOP.6862b153.000ab9d2	hashes->hashlist_format	0
TOP.6862b153.000ab9d2	hashes->hashes_cnt	0
TOP.6862b153.000ab9d2	hashes->digests_cnt	1
TOP.6862b153.000ab9d2	hashes->digests_done_pot	0
TOP.6862b153.000ab9d2	hashes->digests_done_zero	0
TOP.6862b153.000ab9d2	hashes->digests_done	0
TOP.6862b153.000ab9d2	hashes->salts_cnt	1
TOP.6862b153.000ab9d2	hashes->salts_done	0
TOP.6862b153.000ab9d2	proc_start	1751298387
TOP.6862b153.000ab9d2	proc_stop	1751298388
TOP.6862b153.000ab9d2	STOP
TOP.6862b162.0005afb1	START
TOP.6862b162.0005afb1	folder_config->cwd	/home/kali/Documents/HTB_Labs_Writeups/rustykey/hashcat-6.2.6
TOP.6862b162.0005afb1	folder_config->install_dir	/home/kali/Documents/HTB_Labs_Writeups/rustykey/hashcat-6.2.6
TOP.6862b162.0005afb1	folder_config->profile_dir	/home/kali/Documents/HTB_Labs_Writeups/rustykey/hashcat-6.2.6
TOP.6862b162.0005afb1	folder_config->session_dir	/home/kali/Documents/HTB_Labs_Writeups/rustykey/hashcat-6.2.6
TOP.6862b162.0005afb1	folder_config->shared_dir	/home/kali/Documents/HTB_Labs_Writeups/rustykey/hashcat-6.2.6
TOP.6862b162.0005afb1	user_options->encoding_from	utf-8
TOP.6862b162.0005afb1	user_options->encoding_to	utf-8
TOP.6862b162.0005afb1	user_options->rule_buf_l	:
TOP.6862b162.0005afb1	user_options->rule_buf_r	:
TOP.6862b162.0005afb1	user_options->session	hashcat
TOP.6862b162.0005afb1	user_options->separator	:
TOP.6862b162.0005afb1	user_options->limit	0
TOP.6862b162.0005afb1	user_options->skip	0
TOP.6862b162.0005afb1	user_options->attack_mode	0
TOP.6862b162.0005afb1	user_options->backend_devices_virtmulti	1
TOP.6862b162.0005afb1	user_options->backend_devices_virthost	1
TOP.6862b162.0005afb1	user_options->backend_devices_keepfree	0
TOP.6862b162.0005afb1	user_options->benchmark	0
TOP.6862b162.0005afb1	user_options->benchmark_all	0
TOP.6862b162.0005afb1	user_options->benchmark_max	99999
TOP.6862b162.0005afb1	user_options->benchmark_min	0
TOP.6862b162.0005afb1	user_options->bitmap_max	18
TOP.6862b162.0005afb1	user_options->bitmap_min	16
TOP.6862b162.0005afb1	user_options->debug_mode	0
TOP.6862b162.0005afb1	user_options->dynamic_x	0
TOP.6862b162.0005afb1	user_options->hash_info	0
TOP.6862b162.0005afb1	user_options->force	1
TOP.6862b162.0005afb1	user_options->hwmon	1
TOP.6862b162.0005afb1	user_options->hwmon_temp_abort	90
TOP.6862b162.0005afb1	user_options->hash_mode	31300
TOP.6862b162.0005afb1	user_options->hex_charset	0
TOP.6862b162.0005afb1	user_options->hex_salt	0
TOP.6862b162.0005afb1	user_options->hex_wordlist	0
TOP.6862b162.0005afb1	user_options->hook_threads	4
TOP.6862b162.0005afb1	user_options->identify	0
TOP.6862b162.0005afb1	user_options->increment	0
TOP.6862b162.0005afb1	user_options->increment_max	256
TOP.6862b162.0005afb1	user_options->increment_min	1
TOP.6862b162.0005afb1	user_options->keep_guessing	0
TOP.6862b162.0005afb1	user_options->kernel_accel	16
TOP.6862b162.0005afb1	user_options->kernel_loops	1
TOP.6862b162.0005afb1	user_options->kernel_threads	0
TOP.6862b162.0005afb1	user_options->keyspace	0
TOP.6862b162.0005afb1	user_options->left	0
TOP.6862b162.0005afb1	user_options->logfile	1
TOP.6862b162.0005afb1	user_options->loopback	0
TOP.6862b162.0005afb1	user_options->machine_readable	0
TOP.6862b162.0005afb1	user_options->markov_classic	0
TOP.6862b162.0005afb1	user_options->markov	1
TOP.6862b162.0005afb1	user_options->markov_inverse	0
TOP.6862b162.0005afb1	user_options->markov_threshold	256
TOP.6862b162.0005afb1	user_options->metal_compiler_runtime	120
TOP.6862b162.0005afb1	user_options->multiply_accel	1
TOP.6862b162.0005afb1	user_options->backend_info	0
TOP.6862b162.0005afb1	user_options->backend_vector_width	0
TOP.6862b162.0005afb1	user_options->optimized_kernel	1
TOP.6862b162.0005afb1	user_options->outfile_autohex	1
TOP.6862b162.0005afb1	user_options->outfile_check_timer	5
TOP.6862b162.0005afb1	user_options->outfile_format	3
TOP.6862b162.0005afb1	user_options->outfile_json	0
TOP.6862b162.0005afb1	user_options->wordlist_autohex	1
TOP.6862b162.0005afb1	user_options->potfile	1
TOP.6862b162.0005afb1	user_options->progress_only	0
TOP.6862b162.0005afb1	user_options->quiet	0
TOP.6862b162.0005afb1	user_options->remove	0
TOP.6862b162.0005afb1	user_options->remove_timer	60
TOP.6862b162.0005afb1	user_options->restore	0
TOP.6862b162.0005afb1	user_options->restore_enable	1
TOP.6862b162.0005afb1	user_options->restore_timer	1
TOP.6862b162.0005afb1	user_options->rp_files_cnt	0
TOP.6862b162.0005afb1	user_options->rp_gen	0
TOP.6862b162.0005afb1	user_options->rp_gen_func_max	4
TOP.6862b162.0005afb1	user_options->rp_gen_func_min	1
TOP.6862b162.0005afb1	user_options->rp_gen_seed	0
TOP.6862b162.0005afb1	user_options->runtime	0
TOP.6862b162.0005afb1	user_options->scrypt_tmto	0
TOP.6862b162.0005afb1	user_options->segment_size	33554432
TOP.6862b162.0005afb1	user_options->self_test	1
TOP.6862b162.0005afb1	user_options->slow_candidates	0
TOP.6862b162.0005afb1	user_options->show	0
TOP.6862b162.0005afb1	user_options->speed_only	0
TOP.6862b162.0005afb1	user_options->spin_damp	0
TOP.6862b162.0005afb1	user_options->status	0
TOP.6862b162.0005afb1	user_options->status_json	0
TOP.6862b162.0005afb1	user_options->status_timer	10
TOP.6862b162.0005afb1	user_options->stdout_flag	0
TOP.6862b162.0005afb1	user_options->usage	0
TOP.6862b162.0005afb1	user_options->username	0
TOP.6862b162.0005afb1	user_options->veracrypt_pim_start	485
TOP.6862b162.0005afb1	user_options->veracrypt_pim_stop	485
TOP.6862b162.0005afb1	user_options->version	0
TOP.6862b162.0005afb1	user_options->workload_profile	2
TOP.6862b162.0005afb1	user_options->brain_client	0
TOP.6862b162.0005afb1	user_options->brain_client_features	2
TOP.6862b162.0005afb1	user_options->brain_server	0
TOP.6862b162.0005afb1	user_options->brain_server_timer	300
TOP.6862b162.0005afb1	user_options->brain_port	6863
TOP.6862b162.0005afb1	user_options->brain_session	0
TOP.6862b162.0005afb1	hashes->hashfile	../hash-it-computer-3
TOP.6862b162.0005afb1	hashes->hashlist_mode	5
TOP.6862b162.0005afb1	hashes->hashlist_format	0
TOP.6862b162.0005afb1	hashes->hashes_cnt	0
TOP.6862b162.0005afb1	hashes->digests_cnt	1
TOP.6862b162.0005afb1	hashes->digests_done_pot	0
TOP.6862b162.0005afb1	hashes->digests_done_zero	0
TOP.6862b162.0005afb1	hashes->digests_done	0
TOP.6862b162.0005afb1	hashes->salts_cnt	1
TOP.6862b162.0005afb1	hashes->salts_done	0
TOP.6862b162.0005afb1	proc_start	1751298402
TOP.6862b162.0005afb1	proc_stop	1751298402
TOP.6862b162.0005afb1	STOP
TOP.6862b18a.00045eb2	START
TOP.6862b18a.00045eb2	folder_config->cwd	/home/kali/Documents/HTB_Labs_Writeups/rustykey/hashcat-6.2.6
TOP.6862b18a.00045eb2	folder_config->install_dir	/home/kali/Documents/HTB_Labs_Writeups/rustykey/hashcat-6.2.6
TOP.6862b18a.00045eb2	folder_config->profile_dir	/home/kali/Documents/HTB_Labs_Writeups/rustykey/hashcat-6.2.6
TOP.6862b18a.00045eb2	folder_config->session_dir	/home/kali/Documents/HTB_Labs_Writeups/rustykey/hashcat-6.2.6
TOP.6862b18a.00045eb2	folder_config->shared_dir	/home/kali/Documents/HTB_Labs_Writeups/rustykey/hashcat-6.2.6
TOP.6862b18a.00045eb2	user_options->encoding_from	utf-8
TOP.6862b18a.00045eb2	user_options->encoding_to	utf-8
TOP.6862b18a.00045eb2	user_options->rule_buf_l	:
TOP.6862b18a.00045eb2	user_options->rule_buf_r	:
TOP.6862b18a.00045eb2	user_options->session	hashcat
TOP.6862b18a.00045eb2	user_options->separator	:
TOP.6862b18a.00045eb2	user_options->limit	0
TOP.6862b18a.00045eb2	user_options->skip	0
TOP.6862b18a.00045eb2	user_options->attack_mode	0
TOP.6862b18a.00045eb2	user_options->backend_devices_virtmulti	1
TOP.6862b18a.00045eb2	user_options->backend_devices_virthost	1
TOP.6862b18a.00045eb2	user_options->backend_devices_keepfree	0
TOP.6862b18a.00045eb2	user_options->benchmark	0
TOP.6862b18a.00045eb2	user_options->benchmark_all	0
TOP.6862b18a.00045eb2	user_options->benchmark_max	99999
TOP.6862b18a.00045eb2	user_options->benchmark_min	0
TOP.6862b18a.00045eb2	user_options->bitmap_max	18
TOP.6862b18a.00045eb2	user_options->bitmap_min	16
TOP.6862b18a.00045eb2	user_options->debug_mode	0
TOP.6862b18a.00045eb2	user_options->dynamic_x	0
TOP.6862b18a.00045eb2	user_options->hash_info	0
TOP.6862b18a.00045eb2	user_options->force	1
TOP.6862b18a.00045eb2	user_options->hwmon	1
TOP.6862b18a.00045eb2	user_options->hwmon_temp_abort	90
TOP.6862b18a.00045eb2	user_options->hash_mode	31300
TOP.6862b18a.00045eb2	user_options->hex_charset	0
TOP.6862b18a.00045eb2	user_options->hex_salt	0
TOP.6862b18a.00045eb2	user_options->hex_wordlist	0
TOP.6862b18a.00045eb2	user_options->hook_threads	4
TOP.6862b18a.00045eb2	user_options->identify	0
TOP.6862b18a.00045eb2	user_options->increment	0
TOP.6862b18a.00045eb2	user_options->increment_max	256
TOP.6862b18a.00045eb2	user_options->increment_min	1
TOP.6862b18a.00045eb2	user_options->keep_guessing	0
TOP.6862b18a.00045eb2	user_options->kernel_accel	0
TOP.6862b18a.00045eb2	user_options->kernel_loops	0
TOP.6862b18a.00045eb2	user_options->kernel_threads	0
TOP.6862b18a.00045eb2	user_options->keyspace	0
TOP.6862b18a.00045eb2	user_options->left	0
TOP.6862b18a.00045eb2	user_options->logfile	1
TOP.6862b18a.00045eb2	user_options->loopback	0
TOP.6862b18a.00045eb2	user_options->machine_readable	0
TOP.6862b18a.00045eb2	user_options->markov_classic	0
TOP.6862b18a.00045eb2	user_options->markov	1
TOP.6862b18a.00045eb2	user_options->markov_inverse	0
TOP.6862b18a.00045eb2	user_options->markov_threshold	256
TOP.6862b18a.00045eb2	user_options->metal_compiler_runtime	120
TOP.6862b18a.00045eb2	user_options->multiply_accel	1
TOP.6862b18a.00045eb2	user_options->backend_info	0
TOP.6862b18a.00045eb2	user_options->backend_vector_width	0
TOP.6862b18a.00045eb2	user_options->optimized_kernel	0
TOP.6862b18a.00045eb2	user_options->outfile_autohex	1
TOP.6862b18a.00045eb2	user_options->outfile_check_timer	5
TOP.6862b18a.00045eb2	user_options->outfile_format	3
TOP.6862b18a.00045eb2	user_options->outfile_json	0
TOP.6862b18a.00045eb2	user_options->wordlist_autohex	1
TOP.6862b18a.00045eb2	user_options->potfile	1
TOP.6862b18a.00045eb2	user_options->progress_only	0
TOP.6862b18a.00045eb2	user_options->quiet	0
TOP.6862b18a.00045eb2	user_options->remove	0
TOP.6862b18a.00045eb2	user_options->remove_timer	60
TOP.6862b18a.00045eb2	user_options->restore	0
TOP.6862b18a.00045eb2	user_options->restore_enable	1
TOP.6862b18a.00045eb2	user_options->restore_timer	1
TOP.6862b18a.00045eb2	user_options->rp_files_cnt	0
TOP.6862b18a.00045eb2	user_options->rp_gen	0
TOP.6862b18a.00045eb2	user_options->rp_gen_func_max	4
TOP.6862b18a.00045eb2	user_options->rp_gen_func_min	1
TOP.6862b18a.00045eb2	user_options->rp_gen_seed	0
TOP.6862b18a.00045eb2	user_options->runtime	0
TOP.6862b18a.00045eb2	user_options->scrypt_tmto	0
TOP.6862b18a.00045eb2	user_options->segment_size	33554432
TOP.6862b18a.00045eb2	user_options->self_test	1
TOP.6862b18a.00045eb2	user_options->slow_candidates	0
TOP.6862b18a.00045eb2	user_options->show	0
TOP.6862b18a.00045eb2	user_options->speed_only	0
TOP.6862b18a.00045eb2	user_options->spin_damp	0
TOP.6862b18a.00045eb2	user_options->status	0
TOP.6862b18a.00045eb2	user_options->status_json	0
TOP.6862b18a.00045eb2	user_options->status_timer	10
TOP.6862b18a.00045eb2	user_options->stdout_flag	0
TOP.6862b18a.00045eb2	user_options->usage	0
TOP.6862b18a.00045eb2	user_options->username	0
TOP.6862b18a.00045eb2	user_options->veracrypt_pim_start	485
TOP.6862b18a.00045eb2	user_options->veracrypt_pim_stop	485
TOP.6862b18a.00045eb2	user_options->version	0
TOP.6862b18a.00045eb2	user_options->workload_profile	1
TOP.6862b18a.00045eb2	user_options->brain_client	0
TOP.6862b18a.00045eb2	user_options->brain_client_features	2
TOP.6862b18a.00045eb2	user_options->brain_server	0
TOP.6862b18a.00045eb2	user_options->brain_server_timer	300
TOP.6862b18a.00045eb2	user_options->brain_port	6863
TOP.6862b18a.00045eb2	user_options->brain_session	0
TOP.6862b18a.00045eb2	hashes->hashfile	../hash-it-computer-3
TOP.6862b18a.00045eb2	hashes->hashlist_mode	5
TOP.6862b18a.00045eb2	hashes->hashlist_format	0
TOP.6862b18a.00045eb2	hashes->hashes_cnt	0
TOP.6862b18a.00045eb2	hashes->digests_cnt	1
TOP.6862b18a.00045eb2	hashes->digests_done_pot	0
TOP.6862b18a.00045eb2	hashes->digests_done_zero	0
TOP.6862b18a.00045eb2	hashes->digests_done	0
TOP.6862b18a.00045eb2	hashes->salts_cnt	1
TOP.6862b18a.00045eb2	hashes->salts_done	0
TOP.6862b18a.00045eb2	proc_start	1751298442
TOP.6862b18a.00045eb2	proc_stop	1751298442
TOP.6862b18a.00045eb2	STOP
